// Jest Snapshot v1, https://goo.gl/fbAQLP

exports[`Worker Detail Review should click on edit 1`] = `
<div>
  <div
    class="MuiPaper-root makeStyles-container-392  MuiPaper-outlined MuiPaper-rounded"
  >
    <div
      class="MuiGrid-root MuiGrid-container MuiGrid-align-items-xs-center MuiGrid-justify-xs-space-between"
    >
      <div
        class="MuiGrid-root MuiGrid-item MuiGrid-grid-xs-12 MuiGrid-grid-sm-auto"
      >
        <h1
          class="MuiTypography-root makeStyles-title-393 MuiTypography-h1"
        >
          Worker Information
        </h1>
      </div>
      <div
        class="MuiGrid-root MuiGrid-item MuiGrid-grid-xs-12 MuiGrid-grid-sm-auto"
      >
        <span
          class="makeStyles-secondaryActionsIcon-387 makeStyles-secondaryActions-394"
        >
          <button
            class="MuiButtonBase-root MuiIconButton-root makeStyles-editButton-303"
            data-testid="review-info-edit-button"
            tabindex="0"
            type="button"
          >
            <span
              class="MuiIconButton-label"
            >
              <svg
                aria-hidden="true"
                class="MuiSvgIcon-root"
                focusable="false"
                viewBox="0 0 24 24"
              >
                <path
                  d="M3 17.25V21h3.75L17.81 9.94l-3.75-3.75L3 17.25zM20.71 7.04c.39-.39.39-1.02 0-1.41l-2.34-2.34a.9959.9959 0 00-1.41 0l-1.83 1.83 3.75 3.75 1.83-1.83z"
                />
              </svg>
            </span>
          </button>
        </span>
      </div>
    </div>
    <hr
      class="MuiDivider-root makeStyles-divider-395"
    />
    <div
      class="makeStyles-reviewCardBody-286"
    >
      <div
        class="MuiGrid-root cardBody-row MuiGrid-container"
      >
        <div
          class="MuiGrid-root cardBody-item MuiGrid-item MuiGrid-grid-xs-6"
        >
          <p
            class="MuiTypography-root makeStyles-cardFont-324 makeStyles-cardHeavyAccent-327 makeStyles-cardTitle-329 MuiTypography-body1"
          >
            Information
          </p>
          <div
            class="MuiGrid-root MuiGrid-container"
          >
            <div
              class="MuiGrid-root cardBody-item MuiGrid-item MuiGrid-grid-xs-6"
            >
              <p
                class="MuiTypography-root makeStyles-cardFont-324 MuiTypography-body1"
              >
                First Name:
              </p>
            </div>
            <div
              class="MuiGrid-root cardBody-item MuiGrid-item MuiGrid-grid-xs-6"
            >
              <span
                class="makeStyles-cardFontAccent-326 makeStyles-spanEllipsis-285"
              >
                John
              </span>
            </div>
            <div
              class="MuiGrid-root cardBody-item MuiGrid-item MuiGrid-grid-xs-6"
            >
              <p
                class="MuiTypography-root makeStyles-cardFont-324 MuiTypography-body1"
              >
                Middle Name:
              </p>
            </div>
            <div
              class="MuiGrid-root cardBody-item MuiGrid-item MuiGrid-grid-xs-6"
            >
              <span
                class="makeStyles-cardFontAccent-326 makeStyles-spanEllipsis-285"
              >
                Michael
              </span>
            </div>
            <div
              class="MuiGrid-root cardBody-item MuiGrid-item MuiGrid-grid-xs-6"
            >
              <p
                class="MuiTypography-root makeStyles-cardFont-324 MuiTypography-body1"
              >
                Last Name:
              </p>
            </div>
            <div
              class="MuiGrid-root cardBody-item MuiGrid-item MuiGrid-grid-xs-6"
            >
              <span
                class="makeStyles-cardFontAccent-326 makeStyles-spanEllipsis-285"
              >
                Doe
              </span>
            </div>
            <div
              class="MuiGrid-root cardBody-item MuiGrid-item MuiGrid-grid-xs-6"
            >
              <p
                class="MuiTypography-root makeStyles-cardFont-324 MuiTypography-body1"
              >
                Date of Birth:
              </p>
            </div>
            <div
              class="MuiGrid-root cardBody-item MuiGrid-item MuiGrid-grid-xs-6"
            >
              <span
                class="makeStyles-cardFontAccent-326 makeStyles-spanEllipsis-285"
              >
                Jan 01, 2001
              </span>
            </div>
            <div
              class="MuiGrid-root cardBody-item MuiGrid-item MuiGrid-grid-xs-6"
            >
              <p
                class="MuiTypography-root makeStyles-cardFont-324 MuiTypography-body1"
              >
                Gender:
              </p>
            </div>
            <div
              class="MuiGrid-root cardBody-item MuiGrid-item MuiGrid-grid-xs-6"
            >
              <span
                class="makeStyles-cardFontAccent-326 makeStyles-spanEllipsis-285"
              >
                Male
              </span>
            </div>
          </div>
        </div>
        <div
          class="MuiGrid-root cardBody-item MuiGrid-item MuiGrid-grid-xs-6"
        >
          <span
            class="makeStyles-cardSpacer-330"
          />
          <div
            class="MuiGrid-root MuiGrid-container"
          >
            <div
              class="MuiGrid-root cardBody-item MuiGrid-item MuiGrid-grid-xs-6"
            >
              <p
                class="MuiTypography-root makeStyles-cardFont-324 MuiTypography-body1"
              >
                Ethnicity:
              </p>
            </div>
            <div
              class="MuiGrid-root cardBody-item MuiGrid-item MuiGrid-grid-xs-6"
            >
              <span
                class="makeStyles-cardFontAccent-326 makeStyles-spanEllipsis-285"
              >
                Latin
              </span>
            </div>
            <div
              class="MuiGrid-root cardBody-item MuiGrid-item MuiGrid-grid-xs-6"
            >
              <p
                class="MuiTypography-root makeStyles-cardFont-324 MuiTypography-body1"
              >
                Primary Language:
              </p>
            </div>
            <div
              class="MuiGrid-root cardBody-item MuiGrid-item MuiGrid-grid-xs-6"
            >
              <span
                class="makeStyles-cardFontAccent-326 makeStyles-spanEllipsis-285"
              >
                English
                
              </span>
            </div>
            <div
              class="MuiGrid-root cardBody-item MuiGrid-item MuiGrid-grid-xs-6"
            >
              <p
                class="MuiTypography-root makeStyles-cardFont-324 MuiTypography-body1"
              >
                Veteran:
              </p>
            </div>
            <div
              class="MuiGrid-root cardBody-item MuiGrid-item MuiGrid-grid-xs-6"
            >
              <span
                class="makeStyles-cardFontAccent-326 makeStyles-spanEllipsis-285"
              >
                Non-Veteran
              </span>
            </div>
            <div
              class="MuiGrid-root cardBody-item MuiGrid-item MuiGrid-grid-xs-6"
            >
              <p
                class="MuiTypography-root makeStyles-cardFont-324 MuiTypography-body1"
              >
                Allergies (Optional):
              </p>
            </div>
            <div
              class="MuiGrid-root cardBody-item MuiGrid-item MuiGrid-grid-xs-6"
            >
              <span
                class="makeStyles-cardFontAccent-326 makeStyles-spanEllipsis-285"
              >
                -
              </span>
            </div>
            <div
              class="MuiGrid-root cardBody-item MuiGrid-item MuiGrid-grid-xs-6"
            >
              <p
                class="MuiTypography-root makeStyles-cardFont-324 MuiTypography-body1"
              >
                Last 4 SNN (Optional):
              </p>
            </div>
            <div
              class="MuiGrid-root cardBody-item MuiGrid-item MuiGrid-grid-xs-6"
            >
              <span
                class="makeStyles-cardFontAccent-326 makeStyles-spanEllipsis-285"
              >
                123456789
              </span>
            </div>
          </div>
        </div>
      </div>
      <div
        class="MuiGrid-root cardBody-row MuiGrid-container"
      >
        <div
          class="MuiGrid-root cardBody-item MuiGrid-item MuiGrid-grid-xs-6"
        >
          <p
            class="MuiTypography-root makeStyles-cardFont-324 makeStyles-cardHeavyAccent-327 makeStyles-cardTitle-329 MuiTypography-body1"
          >
            Contact Information
          </p>
          <div
            class="MuiGrid-root MuiGrid-container"
          >
            <div
              class="MuiGrid-root cardBody-item MuiGrid-item MuiGrid-grid-xs-6"
            >
              <p
                class="MuiTypography-root makeStyles-cardFont-324 MuiTypography-body1"
              >
                Email (Optional):
              </p>
            </div>
            <div
              class="MuiGrid-root cardBody-item MuiGrid-item MuiGrid-grid-xs-6"
            >
              <span
                class="makeStyles-cardFontAccent-326"
              >
                test@test.com
              </span>
            </div>
            <div
              class="MuiGrid-root cardBody-item MuiGrid-item MuiGrid-grid-xs-6"
            >
              <p
                class="MuiTypography-root makeStyles-cardFont-324 MuiTypography-body1"
              >
                Mobile Phone :
              </p>
            </div>
            <div
              class="MuiGrid-root cardBody-item MuiGrid-item MuiGrid-grid-xs-6"
            >
              <span
                class="makeStyles-cardFontAccent-326"
              >
                +1 612 222 2222
              </span>
            </div>
          </div>
        </div>
        <div
          class="MuiGrid-root cardBody-item MuiGrid-item MuiGrid-grid-xs-6"
        >
          <span
            class="makeStyles-cardSpacer-330"
          />
          <div
            class="MuiGrid-root MuiGrid-container"
          >
            <div
              class="MuiGrid-root cardBody-item MuiGrid-item MuiGrid-grid-xs-6"
            >
              <p
                class="MuiTypography-root makeStyles-cardFont-324 MuiTypography-body1"
              >
                Alternate Phone (Optional):
              </p>
            </div>
            <div
              class="MuiGrid-root cardBody-item MuiGrid-item MuiGrid-grid-xs-6"
            >
              <span
                class="makeStyles-cardFontAccent-326 makeStyles-spanEllipsis-285"
              >
                -
              </span>
            </div>
            <div
              class="MuiGrid-root cardBody-item MuiGrid-item MuiGrid-grid-xs-6"
            >
              <p
                class="MuiTypography-root makeStyles-cardFont-324 MuiTypography-body1"
              >
                Invite Method:
              </p>
            </div>
            <div
              class="MuiGrid-root cardBody-item MuiGrid-item MuiGrid-grid-xs-6"
            >
              <span
                class="makeStyles-cardFontAccent-326 makeStyles-spanEllipsis-285"
              >
                Mobile Phone
              </span>
            </div>
          </div>
        </div>
      </div>
      <div
        class="MuiGrid-root cardBody-row MuiGrid-container"
      >
        <div
          class="MuiGrid-root cardBody-item MuiGrid-item MuiGrid-grid-xs-6"
        >
          <p
            class="MuiTypography-root makeStyles-cardFont-324 makeStyles-cardHeavyAccent-327 makeStyles-cardTitle-329 MuiTypography-body1"
          >
            Home Address
          </p>
          <div
            class="MuiGrid-root MuiGrid-container"
          >
            <div
              class="MuiGrid-root cardBody-item MuiGrid-item MuiGrid-grid-xs-6"
            >
              <p
                class="MuiTypography-root makeStyles-cardFont-324 MuiTypography-body1"
              >
                Address Line 1:
              </p>
            </div>
            <div
              class="MuiGrid-root cardBody-item MuiGrid-item MuiGrid-grid-xs-6"
            >
              <span
                class="makeStyles-cardFontAccent-326 makeStyles-spanEllipsis-285"
              >
                21 Street
              </span>
            </div>
            <div
              class="MuiGrid-root cardBody-item MuiGrid-item MuiGrid-grid-xs-6"
            >
              <p
                class="MuiTypography-root makeStyles-cardFont-324 MuiTypography-body1"
              >
                Address Line 2 (Optional):
              </p>
            </div>
            <div
              class="MuiGrid-root cardBody-item MuiGrid-item MuiGrid-grid-xs-6"
            >
              <span
                class="makeStyles-cardFontAccent-326 makeStyles-spanEllipsis-285"
              >
                Apt 3
              </span>
            </div>
            <div
              class="MuiGrid-root cardBody-item MuiGrid-item MuiGrid-grid-xs-6"
            >
              <p
                class="MuiTypography-root makeStyles-cardFont-324 MuiTypography-body1"
              >
                Country:
              </p>
            </div>
            <div
              class="MuiGrid-root cardBody-item MuiGrid-item MuiGrid-grid-xs-6"
            >
              <span
                class="makeStyles-cardFontAccent-326 makeStyles-spanEllipsis-285"
              >
                -
              </span>
            </div>
            <div
              class="MuiGrid-root cardBody-item MuiGrid-item MuiGrid-grid-xs-6"
            >
              <p
                class="MuiTypography-root makeStyles-cardFont-324 MuiTypography-body1"
              >
                State:
              </p>
            </div>
            <div
              class="MuiGrid-root cardBody-item MuiGrid-item MuiGrid-grid-xs-6"
            >
              <span
                class="makeStyles-cardFontAccent-326 makeStyles-spanEllipsis-285"
              >
                -
              </span>
            </div>
          </div>
        </div>
        <div
          class="MuiGrid-root cardBody-item MuiGrid-item MuiGrid-grid-xs-6"
        >
          <span
            class="makeStyles-cardSpacer-330"
          />
          <div
            class="MuiGrid-root MuiGrid-container"
          >
            <div
              class="MuiGrid-root cardBody-item MuiGrid-item MuiGrid-grid-xs-6"
            >
              <p
                class="MuiTypography-root makeStyles-cardFont-324 MuiTypography-body1"
              >
                County:
              </p>
            </div>
            <div
              class="MuiGrid-root cardBody-item MuiGrid-item MuiGrid-grid-xs-6"
            >
              <span
                class="makeStyles-cardFontAccent-326 makeStyles-spanEllipsis-285"
              >
                -
              </span>
            </div>
            <div
              class="MuiGrid-root cardBody-item MuiGrid-item MuiGrid-grid-xs-6"
            >
              <p
                class="MuiTypography-root makeStyles-cardFont-324 MuiTypography-body1"
              >
                City:
              </p>
            </div>
            <div
              class="MuiGrid-root cardBody-item MuiGrid-item MuiGrid-grid-xs-6"
            >
              <span
                class="makeStyles-cardFontAccent-326 makeStyles-spanEllipsis-285"
              >
                Dallas
              </span>
            </div>
            <div
              class="MuiGrid-root cardBody-item MuiGrid-item MuiGrid-grid-xs-6"
            >
              <p
                class="MuiTypography-root makeStyles-cardFont-324 MuiTypography-body1"
              >
                Zip Code:
              </p>
            </div>
            <div
              class="MuiGrid-root cardBody-item MuiGrid-item MuiGrid-grid-xs-6"
            >
              <span
                class="makeStyles-cardFontAccent-326 makeStyles-spanEllipsis-285"
              >
                12345
              </span>
            </div>
            <div
              class="MuiGrid-root cardBody-item MuiGrid-item MuiGrid-grid-xs-6"
            >
              <p
                class="MuiTypography-root makeStyles-cardFont-324 MuiTypography-body1"
              >
                Borough:
              </p>
            </div>
            <div
              class="MuiGrid-root cardBody-item MuiGrid-item MuiGrid-grid-xs-6"
            >
              <span
                class="makeStyles-cardFontAccent-326 makeStyles-spanEllipsis-285"
              >
                -
              </span>
            </div>
          </div>
        </div>
      </div>
      <div
        class="MuiGrid-root cardBody-row MuiGrid-container"
      >
        <div
          class="MuiGrid-root cardBody-item MuiGrid-item MuiGrid-grid-xs-6"
        >
          <p
            class="MuiTypography-root makeStyles-cardFont-324 makeStyles-cardHeavyAccent-327 makeStyles-cardTitle-329 MuiTypography-body1"
          >
            Emergency Contact
          </p>
          <div
            class="MuiGrid-root MuiGrid-container"
          >
            <div
              class="MuiGrid-root cardBody-item MuiGrid-item MuiGrid-grid-xs-6"
            >
              <p
                class="MuiTypography-root makeStyles-cardFont-324 MuiTypography-body1"
              >
                Emergency Contact Name:
              </p>
            </div>
            <div
              class="MuiGrid-root cardBody-item MuiGrid-item MuiGrid-grid-xs-6"
            >
              <span
                class="makeStyles-cardFontAccent-326 makeStyles-spanEllipsis-285"
              >
                Jane
              </span>
            </div>
            <div
              class="MuiGrid-root cardBody-item MuiGrid-item MuiGrid-grid-xs-6"
            >
              <p
                class="MuiTypography-root makeStyles-cardFont-324 MuiTypography-body1"
              >
                Emergency Contact Phone:
              </p>
            </div>
            <div
              class="MuiGrid-root cardBody-item MuiGrid-item MuiGrid-grid-xs-6"
            >
              <span
                class="makeStyles-cardFontAccent-326 makeStyles-spanEllipsis-285"
              >
                -
              </span>
            </div>
          </div>
        </div>
        <div
          class="MuiGrid-root cardBody-item MuiGrid-item MuiGrid-grid-xs-6"
        >
          <span
            class="makeStyles-cardSpacer-330"
          />
          <div
            class="MuiGrid-root MuiGrid-container"
          >
            <div
              class="MuiGrid-root cardBody-item MuiGrid-item MuiGrid-grid-xs-6"
            >
              <p
                class="MuiTypography-root makeStyles-cardFont-324 MuiTypography-body1"
              >
                Relationship:
              </p>
            </div>
            <div
              class="MuiGrid-root cardBody-item MuiGrid-item MuiGrid-grid-xs-6"
            >
              <span
                class="makeStyles-cardFontAccent-326 makeStyles-spanEllipsis-285"
              >
                Wife
              </span>
            </div>
          </div>
        </div>
      </div>
      <div
        class="MuiGrid-root cardBody-row MuiGrid-container"
      >
        <div
          class="MuiGrid-root cardBody-item MuiGrid-item MuiGrid-grid-xs-6"
        >
          <p
            class="MuiTypography-root makeStyles-cardFont-324 makeStyles-cardHeavyAccent-327 makeStyles-cardTitle-329 MuiTypography-body1"
          >
            Government Issued ID
          </p>
          <div
            class="MuiGrid-root MuiGrid-container"
          >
            <div
              class="MuiGrid-root cardBody-item MuiGrid-item MuiGrid-grid-xs-6"
            >
              <p
                class="MuiTypography-root makeStyles-cardFont-324 MuiTypography-body1"
              >
                ID Type:
              </p>
            </div>
            <div
              class="MuiGrid-root cardBody-item MuiGrid-item MuiGrid-grid-xs-6"
            >
              <span
                class="makeStyles-cardFontAccent-326 makeStyles-spanEllipsis-285"
              >
                Driver License
              </span>
            </div>
            <div
              class="MuiGrid-root cardBody-item MuiGrid-item MuiGrid-grid-xs-6"
            >
              <p
                class="MuiTypography-root makeStyles-cardFont-324 MuiTypography-body1"
              >
                ID Number:
              </p>
            </div>
            <div
              class="MuiGrid-root cardBody-item MuiGrid-item MuiGrid-grid-xs-6"
            >
              <span
                class="makeStyles-cardFontAccent-326 makeStyles-spanEllipsis-285"
              >
                11223344
              </span>
            </div>
          </div>
        </div>
        <div
          class="MuiGrid-root cardBody-item MuiGrid-item MuiGrid-grid-xs-6"
        >
          <span
            class="makeStyles-cardSpacer-330"
          />
          <div
            class="MuiGrid-root MuiGrid-container"
          >
            <div
              class="MuiGrid-root cardBody-item MuiGrid-item MuiGrid-grid-xs-6"
            >
              <p
                class="MuiTypography-root makeStyles-cardFont-324 MuiTypography-body1"
              >
                Issued By:
              </p>
            </div>
            <div
              class="MuiGrid-root cardBody-item MuiGrid-item MuiGrid-grid-xs-6"
            >
              <span
                class="makeStyles-cardFontAccent-326 makeStyles-spanEllipsis-285"
              >
                United States
              </span>
            </div>
          </div>
        </div>
      </div>
      <div
        class="MuiGrid-root cardBody-row MuiGrid-container"
      >
        <div
          class="MuiGrid-root cardBody-item MuiGrid-item MuiGrid-grid-xs-6"
        >
          <p
            class="MuiTypography-root makeStyles-cardFont-324 makeStyles-cardHeavyAccent-327 makeStyles-cardTitle-329 MuiTypography-body1"
          >
            Worker Trades
          </p>
          <div
            class="MuiGrid-root MuiGrid-container"
          >
            <div
              class="MuiGrid-root cardBody-item MuiGrid-item MuiGrid-grid-xs-6"
            >
              <p
                class="MuiTypography-root makeStyles-cardFont-324 MuiTypography-body1"
              >
                Role:
              </p>
            </div>
            <div
              class="MuiGrid-root cardBody-item MuiGrid-item MuiGrid-grid-xs-6"
            >
              <span
                class="makeStyles-cardFontAccent-326 makeStyles-spanEllipsis-285"
              >
                Non Supervisor
              </span>
            </div>
            <div
              class="MuiGrid-root cardBody-item MuiGrid-item MuiGrid-grid-xs-6"
            >
              <p
                class="MuiTypography-root makeStyles-cardFont-324 MuiTypography-body1"
              >
                Work Experience:
              </p>
            </div>
            <div
              class="MuiGrid-root cardBody-item MuiGrid-item MuiGrid-grid-xs-6"
            >
              <span
                class="makeStyles-cardFontAccent-326 makeStyles-spanEllipsis-285"
              >
                Skilled
              </span>
            </div>
          </div>
        </div>
        <div
          class="MuiGrid-root cardBody-item MuiGrid-item MuiGrid-grid-xs-6"
        >
          <span
            class="makeStyles-cardSpacer-330"
          />
          <div
            class="MuiGrid-root MuiGrid-container"
          >
            <div
              class="MuiGrid-root cardBody-item MuiGrid-item MuiGrid-grid-xs-6"
            >
              <p
                class="MuiTypography-root makeStyles-cardFont-324 MuiTypography-body1"
              >
                Labor Union:
              </p>
            </div>
            <div
              class="MuiGrid-root cardBody-item MuiGrid-item MuiGrid-grid-xs-6"
            >
              <span
                class="makeStyles-cardFontAccent-326 makeStyles-spanEllipsis-285"
              >
                No
              </span>
            </div>
            <div
              class="MuiGrid-root cardBody-item MuiGrid-item MuiGrid-grid-xs-6"
            >
              <p
                class="MuiTypography-root makeStyles-cardFont-324 MuiTypography-body1"
              >
                Labor Union Number:
              </p>
            </div>
            <div
              class="MuiGrid-root cardBody-item MuiGrid-item MuiGrid-grid-xs-6"
            >
              <span
                class="makeStyles-cardFontAccent-326 makeStyles-spanEllipsis-285"
              >
                -
              </span>
            </div>
          </div>
        </div>
      </div>
      <div
        class="MuiGrid-root cardBody-row MuiGrid-container"
      >
        <div
          class="MuiGrid-root cardBody-item MuiGrid-item MuiGrid-grid-xs-12"
          style="margin-right: 40px;"
        >
          <div
            class="MuiGrid-root makeStyles-noDivider-266 MuiGrid-container"
          >
            <div
              class="MuiGrid-root cardBody-item MuiGrid-item MuiGrid-grid-xs-3"
            >
              <p
                class="MuiTypography-root makeStyles-cardFont-324 MuiTypography-body1"
              >
                Trades:
              </p>
            </div>
            <div
              class="MuiGrid-root cardBody-item MuiGrid-item MuiGrid-grid-xs-9"
            >
              <span
                class="makeStyles-cardFontAccent-326 makeStyles-spanEllipsis-285 makeStyles-noBreakWord-284"
              >
                Ceiling.
                 Other: Plumbing.
              </span>
            </div>
          </div>
        </div>
      </div>
    </div>
  </div>
</div>
`;

exports[`Worker Detail Review should render 1`] = `
<div>
  <div
    class="MuiPaper-root makeStyles-container-128  MuiPaper-outlined MuiPaper-rounded"
  >
    <div
      class="MuiGrid-root MuiGrid-container MuiGrid-align-items-xs-center MuiGrid-justify-xs-space-between"
    >
      <div
        class="MuiGrid-root MuiGrid-item MuiGrid-grid-xs-12 MuiGrid-grid-sm-auto"
      >
        <h1
          class="MuiTypography-root makeStyles-title-129 MuiTypography-h1"
        >
          Worker Information
        </h1>
      </div>
      <div
        class="MuiGrid-root MuiGrid-item MuiGrid-grid-xs-12 MuiGrid-grid-sm-auto"
      >
        <span
          class=" makeStyles-secondaryActions-130"
        >
          <button
            class="MuiButtonBase-root MuiIconButton-root makeStyles-editButton-39"
            data-testid="review-info-edit-button"
            tabindex="0"
            type="button"
          >
            <span
              class="MuiIconButton-label"
            >
              <svg
                aria-hidden="true"
                class="MuiSvgIcon-root"
                focusable="false"
                viewBox="0 0 24 24"
              >
                <path
                  d="M3 17.25V21h3.75L17.81 9.94l-3.75-3.75L3 17.25zM20.71 7.04c.39-.39.39-1.02 0-1.41l-2.34-2.34a.9959.9959 0 00-1.41 0l-1.83 1.83 3.75 3.75 1.83-1.83z"
                />
              </svg>
            </span>
          </button>
        </span>
      </div>
    </div>
    <hr
      class="MuiDivider-root makeStyles-divider-131"
    />
    <div
      class="makeStyles-reviewCardBody-22"
    >
      <div
        class="MuiGrid-root cardBody-row MuiGrid-container"
      >
        <div
          class="MuiGrid-root cardBody-item MuiGrid-item MuiGrid-grid-xs-6"
        >
          <p
            class="MuiTypography-root makeStyles-cardFont-60 makeStyles-cardHeavyAccent-63 makeStyles-cardTitle-65 MuiTypography-body1"
          >
            Information
          </p>
          <div
            class="MuiGrid-root MuiGrid-container"
          >
            <div
              class="MuiGrid-root cardBody-item MuiGrid-item MuiGrid-grid-xs-6"
            >
              <p
                class="MuiTypography-root makeStyles-cardFont-60 MuiTypography-body1"
              >
                First Name:
              </p>
            </div>
            <div
              class="MuiGrid-root cardBody-item MuiGrid-item MuiGrid-grid-xs-6"
            >
              <span
                class="makeStyles-cardFontAccent-62 makeStyles-spanEllipsis-21"
              >
                John
              </span>
            </div>
            <div
              class="MuiGrid-root cardBody-item MuiGrid-item MuiGrid-grid-xs-6"
            >
              <p
                class="MuiTypography-root makeStyles-cardFont-60 MuiTypography-body1"
              >
                Middle Name:
              </p>
            </div>
            <div
              class="MuiGrid-root cardBody-item MuiGrid-item MuiGrid-grid-xs-6"
            >
              <span
                class="makeStyles-cardFontAccent-62 makeStyles-spanEllipsis-21"
              >
                Michael
              </span>
            </div>
            <div
              class="MuiGrid-root cardBody-item MuiGrid-item MuiGrid-grid-xs-6"
            >
              <p
                class="MuiTypography-root makeStyles-cardFont-60 MuiTypography-body1"
              >
                Last Name:
              </p>
            </div>
            <div
              class="MuiGrid-root cardBody-item MuiGrid-item MuiGrid-grid-xs-6"
            >
              <span
                class="makeStyles-cardFontAccent-62 makeStyles-spanEllipsis-21"
              >
                Doe
              </span>
            </div>
            <div
              class="MuiGrid-root cardBody-item MuiGrid-item MuiGrid-grid-xs-6"
            >
              <p
                class="MuiTypography-root makeStyles-cardFont-60 MuiTypography-body1"
              >
                Date of Birth:
              </p>
            </div>
            <div
              class="MuiGrid-root cardBody-item MuiGrid-item MuiGrid-grid-xs-6"
            >
              <span
                class="makeStyles-cardFontAccent-62 makeStyles-spanEllipsis-21"
              >
                Jan 01, 2001
              </span>
            </div>
            <div
              class="MuiGrid-root cardBody-item MuiGrid-item MuiGrid-grid-xs-6"
            >
              <p
                class="MuiTypography-root makeStyles-cardFont-60 MuiTypography-body1"
              >
                Gender:
              </p>
            </div>
            <div
              class="MuiGrid-root cardBody-item MuiGrid-item MuiGrid-grid-xs-6"
            >
              <span
                class="makeStyles-cardFontAccent-62 makeStyles-spanEllipsis-21"
              >
                Male
              </span>
            </div>
          </div>
        </div>
        <div
          class="MuiGrid-root cardBody-item MuiGrid-item MuiGrid-grid-xs-6"
        >
          <span
            class="makeStyles-cardSpacer-66"
          />
          <div
            class="MuiGrid-root MuiGrid-container"
          >
            <div
              class="MuiGrid-root cardBody-item MuiGrid-item MuiGrid-grid-xs-6"
            >
              <p
                class="MuiTypography-root makeStyles-cardFont-60 MuiTypography-body1"
              >
                Ethnicity:
              </p>
            </div>
            <div
              class="MuiGrid-root cardBody-item MuiGrid-item MuiGrid-grid-xs-6"
            >
              <span
                class="makeStyles-cardFontAccent-62 makeStyles-spanEllipsis-21"
              >
                Latin
              </span>
            </div>
            <div
              class="MuiGrid-root cardBody-item MuiGrid-item MuiGrid-grid-xs-6"
            >
              <p
                class="MuiTypography-root makeStyles-cardFont-60 MuiTypography-body1"
              >
                Primary Language:
              </p>
            </div>
            <div
              class="MuiGrid-root cardBody-item MuiGrid-item MuiGrid-grid-xs-6"
            >
              <span
                class="makeStyles-cardFontAccent-62 makeStyles-spanEllipsis-21"
              >
                English
                
              </span>
            </div>
            <div
              class="MuiGrid-root cardBody-item MuiGrid-item MuiGrid-grid-xs-6"
            >
              <p
                class="MuiTypography-root makeStyles-cardFont-60 MuiTypography-body1"
              >
                Veteran:
              </p>
            </div>
            <div
              class="MuiGrid-root cardBody-item MuiGrid-item MuiGrid-grid-xs-6"
            >
              <span
                class="makeStyles-cardFontAccent-62 makeStyles-spanEllipsis-21"
              >
                Non-Veteran
              </span>
            </div>
            <div
              class="MuiGrid-root cardBody-item MuiGrid-item MuiGrid-grid-xs-6"
            >
              <p
                class="MuiTypography-root makeStyles-cardFont-60 MuiTypography-body1"
              >
                Allergies (Optional):
              </p>
            </div>
            <div
              class="MuiGrid-root cardBody-item MuiGrid-item MuiGrid-grid-xs-6"
            >
              <span
                class="makeStyles-cardFontAccent-62 makeStyles-spanEllipsis-21"
              >
                -
              </span>
            </div>
            <div
              class="MuiGrid-root cardBody-item MuiGrid-item MuiGrid-grid-xs-6"
            >
              <p
                class="MuiTypography-root makeStyles-cardFont-60 MuiTypography-body1"
              >
                Last 4 SNN (Optional):
              </p>
            </div>
            <div
              class="MuiGrid-root cardBody-item MuiGrid-item MuiGrid-grid-xs-6"
            >
              <span
                class="makeStyles-cardFontAccent-62 makeStyles-spanEllipsis-21"
              >
                123456789
              </span>
            </div>
          </div>
        </div>
      </div>
      <div
        class="MuiGrid-root cardBody-row MuiGrid-container"
      >
        <div
          class="MuiGrid-root cardBody-item MuiGrid-item MuiGrid-grid-xs-6"
        >
          <p
            class="MuiTypography-root makeStyles-cardFont-60 makeStyles-cardHeavyAccent-63 makeStyles-cardTitle-65 MuiTypography-body1"
          >
            Contact Information
          </p>
          <div
            class="MuiGrid-root MuiGrid-container"
          >
            <div
              class="MuiGrid-root cardBody-item MuiGrid-item MuiGrid-grid-xs-6"
            >
              <p
                class="MuiTypography-root makeStyles-cardFont-60 MuiTypography-body1"
              >
                Email (Optional):
              </p>
            </div>
            <div
              class="MuiGrid-root cardBody-item MuiGrid-item MuiGrid-grid-xs-6"
            >
              <span
                class="makeStyles-cardFontAccent-62"
              >
                test@test.com
              </span>
            </div>
            <div
              class="MuiGrid-root cardBody-item MuiGrid-item MuiGrid-grid-xs-6"
            >
              <p
                class="MuiTypography-root makeStyles-cardFont-60 MuiTypography-body1"
              >
                Mobile Phone :
              </p>
            </div>
            <div
              class="MuiGrid-root cardBody-item MuiGrid-item MuiGrid-grid-xs-6"
            >
              <span
                class="makeStyles-cardFontAccent-62"
              >
                +1 612 222 2222
              </span>
            </div>
          </div>
        </div>
        <div
          class="MuiGrid-root cardBody-item MuiGrid-item MuiGrid-grid-xs-6"
        >
          <span
            class="makeStyles-cardSpacer-66"
          />
          <div
            class="MuiGrid-root MuiGrid-container"
          >
            <div
              class="MuiGrid-root cardBody-item MuiGrid-item MuiGrid-grid-xs-6"
            >
              <p
                class="MuiTypography-root makeStyles-cardFont-60 MuiTypography-body1"
              >
                Alternate Phone (Optional):
              </p>
            </div>
            <div
              class="MuiGrid-root cardBody-item MuiGrid-item MuiGrid-grid-xs-6"
            >
              <span
                class="makeStyles-cardFontAccent-62 makeStyles-spanEllipsis-21"
              >
                -
              </span>
            </div>
            <div
              class="MuiGrid-root cardBody-item MuiGrid-item MuiGrid-grid-xs-6"
            >
              <p
                class="MuiTypography-root makeStyles-cardFont-60 MuiTypography-body1"
              >
                Invite Method:
              </p>
            </div>
            <div
              class="MuiGrid-root cardBody-item MuiGrid-item MuiGrid-grid-xs-6"
            >
              <span
                class="makeStyles-cardFontAccent-62 makeStyles-spanEllipsis-21"
              >
                Mobile Phone
              </span>
            </div>
          </div>
        </div>
      </div>
      <div
        class="MuiGrid-root cardBody-row MuiGrid-container"
      >
        <div
          class="MuiGrid-root cardBody-item MuiGrid-item MuiGrid-grid-xs-6"
        >
          <p
            class="MuiTypography-root makeStyles-cardFont-60 makeStyles-cardHeavyAccent-63 makeStyles-cardTitle-65 MuiTypography-body1"
          >
            Home Address
          </p>
          <div
            class="MuiGrid-root MuiGrid-container"
          >
            <div
              class="MuiGrid-root cardBody-item MuiGrid-item MuiGrid-grid-xs-6"
            >
              <p
                class="MuiTypography-root makeStyles-cardFont-60 MuiTypography-body1"
              >
                Address Line 1:
              </p>
            </div>
            <div
              class="MuiGrid-root cardBody-item MuiGrid-item MuiGrid-grid-xs-6"
            >
              <span
                class="makeStyles-cardFontAccent-62 makeStyles-spanEllipsis-21"
              >
                21 Street
              </span>
            </div>
            <div
              class="MuiGrid-root cardBody-item MuiGrid-item MuiGrid-grid-xs-6"
            >
              <p
                class="MuiTypography-root makeStyles-cardFont-60 MuiTypography-body1"
              >
                Address Line 2 (Optional):
              </p>
            </div>
            <div
              class="MuiGrid-root cardBody-item MuiGrid-item MuiGrid-grid-xs-6"
            >
              <span
                class="makeStyles-cardFontAccent-62 makeStyles-spanEllipsis-21"
              >
                Apt 3
              </span>
            </div>
            <div
              class="MuiGrid-root cardBody-item MuiGrid-item MuiGrid-grid-xs-6"
            >
              <p
                class="MuiTypography-root makeStyles-cardFont-60 MuiTypography-body1"
              >
                Country:
              </p>
            </div>
            <div
              class="MuiGrid-root cardBody-item MuiGrid-item MuiGrid-grid-xs-6"
            >
              <span
                class="makeStyles-cardFontAccent-62 makeStyles-spanEllipsis-21"
              >
                -
              </span>
            </div>
            <div
              class="MuiGrid-root cardBody-item MuiGrid-item MuiGrid-grid-xs-6"
            >
              <p
                class="MuiTypography-root makeStyles-cardFont-60 MuiTypography-body1"
              >
                State:
              </p>
            </div>
            <div
              class="MuiGrid-root cardBody-item MuiGrid-item MuiGrid-grid-xs-6"
            >
              <span
                class="makeStyles-cardFontAccent-62 makeStyles-spanEllipsis-21"
              >
                -
              </span>
            </div>
          </div>
        </div>
        <div
          class="MuiGrid-root cardBody-item MuiGrid-item MuiGrid-grid-xs-6"
        >
          <span
            class="makeStyles-cardSpacer-66"
          />
          <div
            class="MuiGrid-root MuiGrid-container"
          >
            <div
              class="MuiGrid-root cardBody-item MuiGrid-item MuiGrid-grid-xs-6"
            >
              <p
                class="MuiTypography-root makeStyles-cardFont-60 MuiTypography-body1"
              >
                County:
              </p>
            </div>
            <div
              class="MuiGrid-root cardBody-item MuiGrid-item MuiGrid-grid-xs-6"
            >
              <span
                class="makeStyles-cardFontAccent-62 makeStyles-spanEllipsis-21"
              >
                -
              </span>
            </div>
            <div
              class="MuiGrid-root cardBody-item MuiGrid-item MuiGrid-grid-xs-6"
            >
              <p
                class="MuiTypography-root makeStyles-cardFont-60 MuiTypography-body1"
              >
                City:
              </p>
            </div>
            <div
              class="MuiGrid-root cardBody-item MuiGrid-item MuiGrid-grid-xs-6"
            >
              <span
                class="makeStyles-cardFontAccent-62 makeStyles-spanEllipsis-21"
              >
                Dallas
              </span>
            </div>
            <div
              class="MuiGrid-root cardBody-item MuiGrid-item MuiGrid-grid-xs-6"
            >
              <p
                class="MuiTypography-root makeStyles-cardFont-60 MuiTypography-body1"
              >
                Zip Code:
              </p>
            </div>
            <div
              class="MuiGrid-root cardBody-item MuiGrid-item MuiGrid-grid-xs-6"
            >
              <span
                class="makeStyles-cardFontAccent-62 makeStyles-spanEllipsis-21"
              >
                12345
              </span>
            </div>
            <div
              class="MuiGrid-root cardBody-item MuiGrid-item MuiGrid-grid-xs-6"
            >
              <p
                class="MuiTypography-root makeStyles-cardFont-60 MuiTypography-body1"
              >
                Borough:
              </p>
            </div>
            <div
              class="MuiGrid-root cardBody-item MuiGrid-item MuiGrid-grid-xs-6"
            >
              <span
                class="makeStyles-cardFontAccent-62 makeStyles-spanEllipsis-21"
              >
                -
              </span>
            </div>
          </div>
        </div>
      </div>
      <div
        class="MuiGrid-root cardBody-row MuiGrid-container"
      >
        <div
          class="MuiGrid-root cardBody-item MuiGrid-item MuiGrid-grid-xs-6"
        >
          <p
            class="MuiTypography-root makeStyles-cardFont-60 makeStyles-cardHeavyAccent-63 makeStyles-cardTitle-65 MuiTypography-body1"
          >
            Emergency Contact
          </p>
          <div
            class="MuiGrid-root MuiGrid-container"
          >
            <div
              class="MuiGrid-root cardBody-item MuiGrid-item MuiGrid-grid-xs-6"
            >
              <p
                class="MuiTypography-root makeStyles-cardFont-60 MuiTypography-body1"
              >
                Emergency Contact Name:
              </p>
            </div>
            <div
              class="MuiGrid-root cardBody-item MuiGrid-item MuiGrid-grid-xs-6"
            >
              <span
                class="makeStyles-cardFontAccent-62 makeStyles-spanEllipsis-21"
              >
                Jane
              </span>
            </div>
            <div
              class="MuiGrid-root cardBody-item MuiGrid-item MuiGrid-grid-xs-6"
            >
              <p
                class="MuiTypography-root makeStyles-cardFont-60 MuiTypography-body1"
              >
                Emergency Contact Phone:
              </p>
            </div>
            <div
              class="MuiGrid-root cardBody-item MuiGrid-item MuiGrid-grid-xs-6"
            >
              <span
                class="makeStyles-cardFontAccent-62 makeStyles-spanEllipsis-21"
              >
                -
              </span>
            </div>
          </div>
        </div>
        <div
          class="MuiGrid-root cardBody-item MuiGrid-item MuiGrid-grid-xs-6"
        >
          <span
            class="makeStyles-cardSpacer-66"
          />
          <div
            class="MuiGrid-root MuiGrid-container"
          >
            <div
              class="MuiGrid-root cardBody-item MuiGrid-item MuiGrid-grid-xs-6"
            >
              <p
                class="MuiTypography-root makeStyles-cardFont-60 MuiTypography-body1"
              >
                Relationship:
              </p>
            </div>
            <div
              class="MuiGrid-root cardBody-item MuiGrid-item MuiGrid-grid-xs-6"
            >
              <span
                class="makeStyles-cardFontAccent-62 makeStyles-spanEllipsis-21"
              >
                Wife
              </span>
            </div>
          </div>
        </div>
      </div>
      <div
        class="MuiGrid-root cardBody-row MuiGrid-container"
      >
        <div
          class="MuiGrid-root cardBody-item MuiGrid-item MuiGrid-grid-xs-6"
        >
          <p
            class="MuiTypography-root makeStyles-cardFont-60 makeStyles-cardHeavyAccent-63 makeStyles-cardTitle-65 MuiTypography-body1"
          >
            Government Issued ID
          </p>
          <div
            class="MuiGrid-root MuiGrid-container"
          >
            <div
              class="MuiGrid-root cardBody-item MuiGrid-item MuiGrid-grid-xs-6"
            >
              <p
                class="MuiTypography-root makeStyles-cardFont-60 MuiTypography-body1"
              >
                ID Type:
              </p>
            </div>
            <div
              class="MuiGrid-root cardBody-item MuiGrid-item MuiGrid-grid-xs-6"
            >
              <span
                class="makeStyles-cardFontAccent-62 makeStyles-spanEllipsis-21"
              >
                Driver License
              </span>
            </div>
            <div
              class="MuiGrid-root cardBody-item MuiGrid-item MuiGrid-grid-xs-6"
            >
              <p
                class="MuiTypography-root makeStyles-cardFont-60 MuiTypography-body1"
              >
                ID Number:
              </p>
            </div>
            <div
              class="MuiGrid-root cardBody-item MuiGrid-item MuiGrid-grid-xs-6"
            >
              <span
                class="makeStyles-cardFontAccent-62 makeStyles-spanEllipsis-21"
              >
                11223344
              </span>
            </div>
          </div>
        </div>
        <div
          class="MuiGrid-root cardBody-item MuiGrid-item MuiGrid-grid-xs-6"
        >
          <span
            class="makeStyles-cardSpacer-66"
          />
          <div
            class="MuiGrid-root MuiGrid-container"
          >
            <div
              class="MuiGrid-root cardBody-item MuiGrid-item MuiGrid-grid-xs-6"
            >
              <p
                class="MuiTypography-root makeStyles-cardFont-60 MuiTypography-body1"
              >
                Issued By:
              </p>
            </div>
            <div
              class="MuiGrid-root cardBody-item MuiGrid-item MuiGrid-grid-xs-6"
            >
              <span
                class="makeStyles-cardFontAccent-62 makeStyles-spanEllipsis-21"
              >
                United States
              </span>
            </div>
          </div>
        </div>
      </div>
      <div
        class="MuiGrid-root cardBody-row MuiGrid-container"
      >
        <div
          class="MuiGrid-root cardBody-item MuiGrid-item MuiGrid-grid-xs-6"
        >
          <p
            class="MuiTypography-root makeStyles-cardFont-60 makeStyles-cardHeavyAccent-63 makeStyles-cardTitle-65 MuiTypography-body1"
          >
            Worker Trades
          </p>
          <div
            class="MuiGrid-root MuiGrid-container"
          >
            <div
              class="MuiGrid-root cardBody-item MuiGrid-item MuiGrid-grid-xs-6"
            >
              <p
                class="MuiTypography-root makeStyles-cardFont-60 MuiTypography-body1"
              >
                Role:
              </p>
            </div>
            <div
              class="MuiGrid-root cardBody-item MuiGrid-item MuiGrid-grid-xs-6"
            >
              <span
                class="makeStyles-cardFontAccent-62 makeStyles-spanEllipsis-21"
              >
                Non Supervisor
              </span>
            </div>
            <div
              class="MuiGrid-root cardBody-item MuiGrid-item MuiGrid-grid-xs-6"
            >
              <p
                class="MuiTypography-root makeStyles-cardFont-60 MuiTypography-body1"
              >
                Work Experience:
              </p>
            </div>
            <div
              class="MuiGrid-root cardBody-item MuiGrid-item MuiGrid-grid-xs-6"
            >
              <span
                class="makeStyles-cardFontAccent-62 makeStyles-spanEllipsis-21"
              >
                Skilled
              </span>
            </div>
          </div>
        </div>
        <div
          class="MuiGrid-root cardBody-item MuiGrid-item MuiGrid-grid-xs-6"
        >
          <span
            class="makeStyles-cardSpacer-66"
          />
          <div
            class="MuiGrid-root MuiGrid-container"
          >
            <div
              class="MuiGrid-root cardBody-item MuiGrid-item MuiGrid-grid-xs-6"
            >
              <p
                class="MuiTypography-root makeStyles-cardFont-60 MuiTypography-body1"
              >
                Labor Union:
              </p>
            </div>
            <div
              class="MuiGrid-root cardBody-item MuiGrid-item MuiGrid-grid-xs-6"
            >
              <span
                class="makeStyles-cardFontAccent-62 makeStyles-spanEllipsis-21"
              >
                No
              </span>
            </div>
            <div
              class="MuiGrid-root cardBody-item MuiGrid-item MuiGrid-grid-xs-6"
            >
              <p
                class="MuiTypography-root makeStyles-cardFont-60 MuiTypography-body1"
              >
                Labor Union Number:
              </p>
            </div>
            <div
              class="MuiGrid-root cardBody-item MuiGrid-item MuiGrid-grid-xs-6"
            >
              <span
                class="makeStyles-cardFontAccent-62 makeStyles-spanEllipsis-21"
              >
                -
              </span>
            </div>
          </div>
        </div>
      </div>
      <div
        class="MuiGrid-root cardBody-row MuiGrid-container"
      >
        <div
          class="MuiGrid-root cardBody-item MuiGrid-item MuiGrid-grid-xs-12"
          style="margin-right: 40px;"
        >
          <div
            class="MuiGrid-root makeStyles-noDivider-2 MuiGrid-container"
          >
            <div
              class="MuiGrid-root cardBody-item MuiGrid-item MuiGrid-grid-xs-3"
            >
              <p
                class="MuiTypography-root makeStyles-cardFont-60 MuiTypography-body1"
              >
                Trades:
              </p>
            </div>
            <div
              class="MuiGrid-root cardBody-item MuiGrid-item MuiGrid-grid-xs-9"
            >
              <span
                class="makeStyles-cardFontAccent-62 makeStyles-spanEllipsis-21 makeStyles-noBreakWord-20"
              >
                Ceiling.
                 Other: Plumbing.
              </span>
            </div>
          </div>
        </div>
      </div>
    </div>
  </div>
</div>
`;

exports[`Worker Detail Review should render with mobile phone as optional 1`] = `
<div>
  <div
    class="MuiPaper-root makeStyles-container-260  MuiPaper-outlined MuiPaper-rounded"
  >
    <div
      class="MuiGrid-root MuiGrid-container MuiGrid-align-items-xs-center MuiGrid-justify-xs-space-between"
    >
      <div
        class="MuiGrid-root MuiGrid-item MuiGrid-grid-xs-12 MuiGrid-grid-sm-auto"
      >
        <h1
          class="MuiTypography-root makeStyles-title-261 MuiTypography-h1"
        >
          Worker Information
        </h1>
      </div>
      <div
        class="MuiGrid-root MuiGrid-item MuiGrid-grid-xs-12 MuiGrid-grid-sm-auto"
      >
        <span
          class=" makeStyles-secondaryActions-262"
        >
          <button
            class="MuiButtonBase-root MuiIconButton-root makeStyles-editButton-171"
            data-testid="review-info-edit-button"
            tabindex="0"
            type="button"
          >
            <span
              class="MuiIconButton-label"
            >
              <svg
                aria-hidden="true"
                class="MuiSvgIcon-root"
                focusable="false"
                viewBox="0 0 24 24"
              >
                <path
                  d="M3 17.25V21h3.75L17.81 9.94l-3.75-3.75L3 17.25zM20.71 7.04c.39-.39.39-1.02 0-1.41l-2.34-2.34a.9959.9959 0 00-1.41 0l-1.83 1.83 3.75 3.75 1.83-1.83z"
                />
              </svg>
            </span>
          </button>
        </span>
      </div>
    </div>
    <hr
      class="MuiDivider-root makeStyles-divider-263"
    />
    <div
      class="makeStyles-reviewCardBody-154"
    >
      <div
        class="MuiGrid-root cardBody-row MuiGrid-container"
      >
        <div
          class="MuiGrid-root cardBody-item MuiGrid-item MuiGrid-grid-xs-6"
        >
          <p
            class="MuiTypography-root makeStyles-cardFont-192 makeStyles-cardHeavyAccent-195 makeStyles-cardTitle-197 MuiTypography-body1"
          >
            Information
          </p>
          <div
            class="MuiGrid-root MuiGrid-container"
          >
            <div
              class="MuiGrid-root cardBody-item MuiGrid-item MuiGrid-grid-xs-6"
            >
              <p
                class="MuiTypography-root makeStyles-cardFont-192 MuiTypography-body1"
              >
                First Name:
              </p>
            </div>
            <div
              class="MuiGrid-root cardBody-item MuiGrid-item MuiGrid-grid-xs-6"
            >
              <span
                class="makeStyles-cardFontAccent-194 makeStyles-spanEllipsis-153"
              >
                John
              </span>
            </div>
            <div
              class="MuiGrid-root cardBody-item MuiGrid-item MuiGrid-grid-xs-6"
            >
              <p
                class="MuiTypography-root makeStyles-cardFont-192 MuiTypography-body1"
              >
                Middle Name:
              </p>
            </div>
            <div
              class="MuiGrid-root cardBody-item MuiGrid-item MuiGrid-grid-xs-6"
            >
              <span
                class="makeStyles-cardFontAccent-194 makeStyles-spanEllipsis-153"
              >
                Michael
              </span>
            </div>
            <div
              class="MuiGrid-root cardBody-item MuiGrid-item MuiGrid-grid-xs-6"
            >
              <p
                class="MuiTypography-root makeStyles-cardFont-192 MuiTypography-body1"
              >
                Last Name:
              </p>
            </div>
            <div
              class="MuiGrid-root cardBody-item MuiGrid-item MuiGrid-grid-xs-6"
            >
              <span
                class="makeStyles-cardFontAccent-194 makeStyles-spanEllipsis-153"
              >
                Doe
              </span>
            </div>
            <div
              class="MuiGrid-root cardBody-item MuiGrid-item MuiGrid-grid-xs-6"
            >
              <p
                class="MuiTypography-root makeStyles-cardFont-192 MuiTypography-body1"
              >
                Date of Birth:
              </p>
            </div>
            <div
              class="MuiGrid-root cardBody-item MuiGrid-item MuiGrid-grid-xs-6"
            >
              <span
                class="makeStyles-cardFontAccent-194 makeStyles-spanEllipsis-153"
              >
                Jan 01, 2001
              </span>
            </div>
            <div
              class="MuiGrid-root cardBody-item MuiGrid-item MuiGrid-grid-xs-6"
            >
              <p
                class="MuiTypography-root makeStyles-cardFont-192 MuiTypography-body1"
              >
                Gender:
              </p>
            </div>
            <div
              class="MuiGrid-root cardBody-item MuiGrid-item MuiGrid-grid-xs-6"
            >
              <span
                class="makeStyles-cardFontAccent-194 makeStyles-spanEllipsis-153"
              >
                Male
              </span>
            </div>
          </div>
        </div>
        <div
          class="MuiGrid-root cardBody-item MuiGrid-item MuiGrid-grid-xs-6"
        >
          <span
            class="makeStyles-cardSpacer-198"
          />
          <div
            class="MuiGrid-root MuiGrid-container"
          >
            <div
              class="MuiGrid-root cardBody-item MuiGrid-item MuiGrid-grid-xs-6"
            >
              <p
                class="MuiTypography-root makeStyles-cardFont-192 MuiTypography-body1"
              >
                Ethnicity:
              </p>
            </div>
            <div
              class="MuiGrid-root cardBody-item MuiGrid-item MuiGrid-grid-xs-6"
            >
              <span
                class="makeStyles-cardFontAccent-194 makeStyles-spanEllipsis-153"
              >
                Latin
              </span>
            </div>
            <div
              class="MuiGrid-root cardBody-item MuiGrid-item MuiGrid-grid-xs-6"
            >
              <p
                class="MuiTypography-root makeStyles-cardFont-192 MuiTypography-body1"
              >
                Primary Language:
              </p>
            </div>
            <div
              class="MuiGrid-root cardBody-item MuiGrid-item MuiGrid-grid-xs-6"
            >
              <span
                class="makeStyles-cardFontAccent-194 makeStyles-spanEllipsis-153"
              >
                English
                
              </span>
            </div>
            <div
              class="MuiGrid-root cardBody-item MuiGrid-item MuiGrid-grid-xs-6"
            >
              <p
                class="MuiTypography-root makeStyles-cardFont-192 MuiTypography-body1"
              >
                Veteran:
              </p>
            </div>
            <div
              class="MuiGrid-root cardBody-item MuiGrid-item MuiGrid-grid-xs-6"
            >
              <span
                class="makeStyles-cardFontAccent-194 makeStyles-spanEllipsis-153"
              >
                Non-Veteran
              </span>
            </div>
            <div
              class="MuiGrid-root cardBody-item MuiGrid-item MuiGrid-grid-xs-6"
            >
              <p
                class="MuiTypography-root makeStyles-cardFont-192 MuiTypography-body1"
              >
                Allergies (Optional):
              </p>
            </div>
            <div
              class="MuiGrid-root cardBody-item MuiGrid-item MuiGrid-grid-xs-6"
            >
              <span
                class="makeStyles-cardFontAccent-194 makeStyles-spanEllipsis-153"
              >
                -
              </span>
            </div>
            <div
              class="MuiGrid-root cardBody-item MuiGrid-item MuiGrid-grid-xs-6"
            >
              <p
                class="MuiTypography-root makeStyles-cardFont-192 MuiTypography-body1"
              >
                Last 4 SNN (Optional):
              </p>
            </div>
            <div
              class="MuiGrid-root cardBody-item MuiGrid-item MuiGrid-grid-xs-6"
            >
              <span
                class="makeStyles-cardFontAccent-194 makeStyles-spanEllipsis-153"
              >
                123456789
              </span>
            </div>
          </div>
        </div>
      </div>
      <div
        class="MuiGrid-root cardBody-row MuiGrid-container"
      >
        <div
          class="MuiGrid-root cardBody-item MuiGrid-item MuiGrid-grid-xs-6"
        >
          <p
            class="MuiTypography-root makeStyles-cardFont-192 makeStyles-cardHeavyAccent-195 makeStyles-cardTitle-197 MuiTypography-body1"
          >
            Contact Information
          </p>
          <div
            class="MuiGrid-root MuiGrid-container"
          >
            <div
              class="MuiGrid-root cardBody-item MuiGrid-item MuiGrid-grid-xs-6"
            >
              <p
                class="MuiTypography-root makeStyles-cardFont-192 MuiTypography-body1"
              >
                Email :
              </p>
            </div>
            <div
              class="MuiGrid-root cardBody-item MuiGrid-item MuiGrid-grid-xs-6"
            >
              <span
                class="makeStyles-cardFontAccent-194"
              >
                test@test.com
              </span>
            </div>
            <div
              class="MuiGrid-root cardBody-item MuiGrid-item MuiGrid-grid-xs-6"
            >
              <p
                class="MuiTypography-root makeStyles-cardFont-192 MuiTypography-body1"
              >
                Mobile Phone (Optional):
              </p>
            </div>
            <div
              class="MuiGrid-root cardBody-item MuiGrid-item MuiGrid-grid-xs-6"
            >
              <span
                class="makeStyles-cardFontAccent-194"
              >
                +1 612 222 2222
              </span>
            </div>
          </div>
        </div>
        <div
          class="MuiGrid-root cardBody-item MuiGrid-item MuiGrid-grid-xs-6"
        >
          <span
            class="makeStyles-cardSpacer-198"
          />
          <div
            class="MuiGrid-root MuiGrid-container"
          >
            <div
              class="MuiGrid-root cardBody-item MuiGrid-item MuiGrid-grid-xs-6"
            >
              <p
                class="MuiTypography-root makeStyles-cardFont-192 MuiTypography-body1"
              >
                Alternate Phone (Optional):
              </p>
            </div>
            <div
              class="MuiGrid-root cardBody-item MuiGrid-item MuiGrid-grid-xs-6"
            >
              <span
                class="makeStyles-cardFontAccent-194 makeStyles-spanEllipsis-153"
              >
                -
              </span>
            </div>
            <div
              class="MuiGrid-root cardBody-item MuiGrid-item MuiGrid-grid-xs-6"
            >
              <p
                class="MuiTypography-root makeStyles-cardFont-192 MuiTypography-body1"
              >
                Invite Method:
              </p>
            </div>
            <div
              class="MuiGrid-root cardBody-item MuiGrid-item MuiGrid-grid-xs-6"
            >
              <span
                class="makeStyles-cardFontAccent-194 makeStyles-spanEllipsis-153"
              >
                Email
              </span>
            </div>
          </div>
        </div>
      </div>
      <div
        class="MuiGrid-root cardBody-row MuiGrid-container"
      >
        <div
          class="MuiGrid-root cardBody-item MuiGrid-item MuiGrid-grid-xs-6"
        >
          <p
            class="MuiTypography-root makeStyles-cardFont-192 makeStyles-cardHeavyAccent-195 makeStyles-cardTitle-197 MuiTypography-body1"
          >
            Home Address
          </p>
          <div
            class="MuiGrid-root MuiGrid-container"
          >
            <div
              class="MuiGrid-root cardBody-item MuiGrid-item MuiGrid-grid-xs-6"
            >
              <p
                class="MuiTypography-root makeStyles-cardFont-192 MuiTypography-body1"
              >
                Address Line 1:
              </p>
            </div>
            <div
              class="MuiGrid-root cardBody-item MuiGrid-item MuiGrid-grid-xs-6"
            >
              <span
                class="makeStyles-cardFontAccent-194 makeStyles-spanEllipsis-153"
              >
                21 Street
              </span>
            </div>
            <div
              class="MuiGrid-root cardBody-item MuiGrid-item MuiGrid-grid-xs-6"
            >
              <p
                class="MuiTypography-root makeStyles-cardFont-192 MuiTypography-body1"
              >
                Address Line 2 (Optional):
              </p>
            </div>
            <div
              class="MuiGrid-root cardBody-item MuiGrid-item MuiGrid-grid-xs-6"
            >
              <span
                class="makeStyles-cardFontAccent-194 makeStyles-spanEllipsis-153"
              >
                Apt 3
              </span>
            </div>
            <div
              class="MuiGrid-root cardBody-item MuiGrid-item MuiGrid-grid-xs-6"
            >
              <p
                class="MuiTypography-root makeStyles-cardFont-192 MuiTypography-body1"
              >
                Country:
              </p>
            </div>
            <div
              class="MuiGrid-root cardBody-item MuiGrid-item MuiGrid-grid-xs-6"
            >
              <span
                class="makeStyles-cardFontAccent-194 makeStyles-spanEllipsis-153"
              >
                -
              </span>
            </div>
            <div
              class="MuiGrid-root cardBody-item MuiGrid-item MuiGrid-grid-xs-6"
            >
              <p
                class="MuiTypography-root makeStyles-cardFont-192 MuiTypography-body1"
              >
                State:
              </p>
            </div>
            <div
              class="MuiGrid-root cardBody-item MuiGrid-item MuiGrid-grid-xs-6"
            >
              <span
                class="makeStyles-cardFontAccent-194 makeStyles-spanEllipsis-153"
              >
                -
              </span>
            </div>
          </div>
        </div>
        <div
          class="MuiGrid-root cardBody-item MuiGrid-item MuiGrid-grid-xs-6"
        >
          <span
            class="makeStyles-cardSpacer-198"
          />
          <div
            class="MuiGrid-root MuiGrid-container"
          >
            <div
              class="MuiGrid-root cardBody-item MuiGrid-item MuiGrid-grid-xs-6"
            >
              <p
                class="MuiTypography-root makeStyles-cardFont-192 MuiTypography-body1"
              >
                County:
              </p>
            </div>
            <div
              class="MuiGrid-root cardBody-item MuiGrid-item MuiGrid-grid-xs-6"
            >
              <span
                class="makeStyles-cardFontAccent-194 makeStyles-spanEllipsis-153"
              >
                -
              </span>
            </div>
            <div
              class="MuiGrid-root cardBody-item MuiGrid-item MuiGrid-grid-xs-6"
            >
              <p
                class="MuiTypography-root makeStyles-cardFont-192 MuiTypography-body1"
              >
                City:
              </p>
            </div>
            <div
              class="MuiGrid-root cardBody-item MuiGrid-item MuiGrid-grid-xs-6"
            >
              <span
                class="makeStyles-cardFontAccent-194 makeStyles-spanEllipsis-153"
              >
                Dallas
              </span>
            </div>
            <div
              class="MuiGrid-root cardBody-item MuiGrid-item MuiGrid-grid-xs-6"
            >
              <p
                class="MuiTypography-root makeStyles-cardFont-192 MuiTypography-body1"
              >
                Zip Code:
              </p>
            </div>
            <div
              class="MuiGrid-root cardBody-item MuiGrid-item MuiGrid-grid-xs-6"
            >
              <span
                class="makeStyles-cardFontAccent-194 makeStyles-spanEllipsis-153"
              >
                12345
              </span>
            </div>
            <div
              class="MuiGrid-root cardBody-item MuiGrid-item MuiGrid-grid-xs-6"
            >
              <p
                class="MuiTypography-root makeStyles-cardFont-192 MuiTypography-body1"
              >
                Borough:
              </p>
            </div>
            <div
              class="MuiGrid-root cardBody-item MuiGrid-item MuiGrid-grid-xs-6"
            >
              <span
                class="makeStyles-cardFontAccent-194 makeStyles-spanEllipsis-153"
              >
                -
              </span>
            </div>
          </div>
        </div>
      </div>
      <div
        class="MuiGrid-root cardBody-row MuiGrid-container"
      >
        <div
          class="MuiGrid-root cardBody-item MuiGrid-item MuiGrid-grid-xs-6"
        >
          <p
            class="MuiTypography-root makeStyles-cardFont-192 makeStyles-cardHeavyAccent-195 makeStyles-cardTitle-197 MuiTypography-body1"
          >
            Emergency Contact
          </p>
          <div
            class="MuiGrid-root MuiGrid-container"
          >
            <div
              class="MuiGrid-root cardBody-item MuiGrid-item MuiGrid-grid-xs-6"
            >
              <p
                class="MuiTypography-root makeStyles-cardFont-192 MuiTypography-body1"
              >
                Emergency Contact Name:
              </p>
            </div>
            <div
              class="MuiGrid-root cardBody-item MuiGrid-item MuiGrid-grid-xs-6"
            >
              <span
                class="makeStyles-cardFontAccent-194 makeStyles-spanEllipsis-153"
              >
                Jane
              </span>
            </div>
            <div
              class="MuiGrid-root cardBody-item MuiGrid-item MuiGrid-grid-xs-6"
            >
              <p
                class="MuiTypography-root makeStyles-cardFont-192 MuiTypography-body1"
              >
                Emergency Contact Phone:
              </p>
            </div>
            <div
              class="MuiGrid-root cardBody-item MuiGrid-item MuiGrid-grid-xs-6"
            >
              <span
                class="makeStyles-cardFontAccent-194 makeStyles-spanEllipsis-153"
              >
                -
              </span>
            </div>
          </div>
        </div>
        <div
          class="MuiGrid-root cardBody-item MuiGrid-item MuiGrid-grid-xs-6"
        >
          <span
            class="makeStyles-cardSpacer-198"
          />
          <div
            class="MuiGrid-root MuiGrid-container"
          >
            <div
              class="MuiGrid-root cardBody-item MuiGrid-item MuiGrid-grid-xs-6"
            >
              <p
                class="MuiTypography-root makeStyles-cardFont-192 MuiTypography-body1"
              >
                Relationship:
              </p>
            </div>
            <div
              class="MuiGrid-root cardBody-item MuiGrid-item MuiGrid-grid-xs-6"
            >
              <span
                class="makeStyles-cardFontAccent-194 makeStyles-spanEllipsis-153"
              >
                Wife
              </span>
            </div>
          </div>
        </div>
      </div>
      <div
        class="MuiGrid-root cardBody-row MuiGrid-container"
      >
        <div
          class="MuiGrid-root cardBody-item MuiGrid-item MuiGrid-grid-xs-6"
        >
          <p
            class="MuiTypography-root makeStyles-cardFont-192 makeStyles-cardHeavyAccent-195 makeStyles-cardTitle-197 MuiTypography-body1"
          >
            Government Issued ID
          </p>
          <div
            class="MuiGrid-root MuiGrid-container"
          >
            <div
              class="MuiGrid-root cardBody-item MuiGrid-item MuiGrid-grid-xs-6"
            >
              <p
                class="MuiTypography-root makeStyles-cardFont-192 MuiTypography-body1"
              >
                ID Type:
              </p>
            </div>
            <div
              class="MuiGrid-root cardBody-item MuiGrid-item MuiGrid-grid-xs-6"
            >
              <span
                class="makeStyles-cardFontAccent-194 makeStyles-spanEllipsis-153"
              >
                Driver License
              </span>
            </div>
            <div
              class="MuiGrid-root cardBody-item MuiGrid-item MuiGrid-grid-xs-6"
            >
              <p
                class="MuiTypography-root makeStyles-cardFont-192 MuiTypography-body1"
              >
                ID Number:
              </p>
            </div>
            <div
              class="MuiGrid-root cardBody-item MuiGrid-item MuiGrid-grid-xs-6"
            >
              <span
                class="makeStyles-cardFontAccent-194 makeStyles-spanEllipsis-153"
              >
                11223344
              </span>
            </div>
          </div>
        </div>
        <div
          class="MuiGrid-root cardBody-item MuiGrid-item MuiGrid-grid-xs-6"
        >
          <span
            class="makeStyles-cardSpacer-198"
          />
          <div
            class="MuiGrid-root MuiGrid-container"
          >
            <div
              class="MuiGrid-root cardBody-item MuiGrid-item MuiGrid-grid-xs-6"
            >
              <p
                class="MuiTypography-root makeStyles-cardFont-192 MuiTypography-body1"
              >
                Issued By:
              </p>
            </div>
            <div
              class="MuiGrid-root cardBody-item MuiGrid-item MuiGrid-grid-xs-6"
            >
              <span
                class="makeStyles-cardFontAccent-194 makeStyles-spanEllipsis-153"
              >
                United States
              </span>
            </div>
          </div>
        </div>
      </div>
      <div
        class="MuiGrid-root cardBody-row MuiGrid-container"
      >
        <div
          class="MuiGrid-root cardBody-item MuiGrid-item MuiGrid-grid-xs-6"
        >
          <p
            class="MuiTypography-root makeStyles-cardFont-192 makeStyles-cardHeavyAccent-195 makeStyles-cardTitle-197 MuiTypography-body1"
          >
            Worker Trades
          </p>
          <div
            class="MuiGrid-root MuiGrid-container"
          >
            <div
              class="MuiGrid-root cardBody-item MuiGrid-item MuiGrid-grid-xs-6"
            >
              <p
                class="MuiTypography-root makeStyles-cardFont-192 MuiTypography-body1"
              >
                Role:
              </p>
            </div>
            <div
              class="MuiGrid-root cardBody-item MuiGrid-item MuiGrid-grid-xs-6"
            >
              <span
                class="makeStyles-cardFontAccent-194 makeStyles-spanEllipsis-153"
              >
                Non Supervisor
              </span>
            </div>
            <div
              class="MuiGrid-root cardBody-item MuiGrid-item MuiGrid-grid-xs-6"
            >
              <p
                class="MuiTypography-root makeStyles-cardFont-192 MuiTypography-body1"
              >
                Work Experience:
              </p>
            </div>
            <div
              class="MuiGrid-root cardBody-item MuiGrid-item MuiGrid-grid-xs-6"
            >
              <span
                class="makeStyles-cardFontAccent-194 makeStyles-spanEllipsis-153"
              >
                Skilled
              </span>
            </div>
          </div>
        </div>
        <div
          class="MuiGrid-root cardBody-item MuiGrid-item MuiGrid-grid-xs-6"
        >
          <span
            class="makeStyles-cardSpacer-198"
          />
          <div
            class="MuiGrid-root MuiGrid-container"
          >
            <div
              class="MuiGrid-root cardBody-item MuiGrid-item MuiGrid-grid-xs-6"
            >
              <p
                class="MuiTypography-root makeStyles-cardFont-192 MuiTypography-body1"
              >
                Labor Union:
              </p>
            </div>
            <div
              class="MuiGrid-root cardBody-item MuiGrid-item MuiGrid-grid-xs-6"
            >
              <span
                class="makeStyles-cardFontAccent-194 makeStyles-spanEllipsis-153"
              >
                No
              </span>
            </div>
            <div
              class="MuiGrid-root cardBody-item MuiGrid-item MuiGrid-grid-xs-6"
            >
              <p
                class="MuiTypography-root makeStyles-cardFont-192 MuiTypography-body1"
              >
                Labor Union Number:
              </p>
            </div>
            <div
              class="MuiGrid-root cardBody-item MuiGrid-item MuiGrid-grid-xs-6"
            >
              <span
                class="makeStyles-cardFontAccent-194 makeStyles-spanEllipsis-153"
              >
                -
              </span>
            </div>
          </div>
        </div>
      </div>
      <div
        class="MuiGrid-root cardBody-row MuiGrid-container"
      >
        <div
          class="MuiGrid-root cardBody-item MuiGrid-item MuiGrid-grid-xs-12"
          style="margin-right: 40px;"
        >
          <div
            class="MuiGrid-root makeStyles-noDivider-134 MuiGrid-container"
          >
            <div
              class="MuiGrid-root cardBody-item MuiGrid-item MuiGrid-grid-xs-3"
            >
              <p
                class="MuiTypography-root makeStyles-cardFont-192 MuiTypography-body1"
              >
                Trades:
              </p>
            </div>
            <div
              class="MuiGrid-root cardBody-item MuiGrid-item MuiGrid-grid-xs-9"
            >
              <span
                class="makeStyles-cardFontAccent-194 makeStyles-spanEllipsis-153 makeStyles-noBreakWord-152"
              >
                Ceiling.
                 Other: Plumbing.
              </span>
            </div>
          </div>
        </div>
      </div>
    </div>
  </div>
</div>
`;
